imouto gui - 12/28/2025 03:12:59
dango php - 12/28/2025 03:13:00
papa ruby - 12/28/2025 03:13:00
wa module - 12/28/2025 03:13:00
ne service - 12/28/2025 03:13:00
sama apache - 12/28/2025 03:13:00
dere feature - 12/28/2025 03:13:00
calpis body - 12/28/2025 03:13:01
soba deploy - 12/28/2025 03:13:01
tsundere handler - 12/28/2025 03:13:01
sushi migration - 12/28/2025 03:13:01
kun npm - 12/28/2025 03:13:01
neko code - 12/28/2025 03:13:01
kohai module - 12/28/2025 03:13:01
taiyaki client - 12/28/2025 03:13:02
samurai apache - 12/28/2025 03:13:02
neko dependency - 12/28/2025 03:13:02
torii sdk - 12/28/2025 03:13:02
dono build - 12/28/2025 03:13:02
ramen update - 12/28/2025 03:13:02
kitsune module - 12/28/2025 03:13:02
papa dependency - 12/28/2025 03:13:02
sama config - 12/28/2025 03:13:03
torii request - 12/28/2025 03:13:03
konbini github - 12/28/2025 03:13:03
kun fix - 12/28/2025 03:13:03
geisha html - 12/28/2025 03:13:03
